###############################################################################
#
# IAR ELF Linker V2.20.1.176 for STM8                     11/Jul/2019  15:07:20
# Copyright 2010-2015 IAR Systems AB.
#
#    Output file  =  D:\WorkingZone\FGA-Traing\Buoi4\Debug\Exe\Buoi4.out
#    Map file     =  D:\WorkingZone\FGA-Traing\Buoi4\Debug\List\Buoi4.map
#    Command line =  
#        D:\WorkingZone\FGA-Traing\Buoi4\Debug\Obj\FGAcoursestm8_LCD.o
#        D:\WorkingZone\FGA-Traing\Buoi4\Debug\Obj\FGAcoursestm8Lib.o
#        D:\WorkingZone\FGA-Traing\Buoi4\Debug\Obj\InteruptConfig.o
#        D:\WorkingZone\FGA-Traing\Buoi4\Debug\Obj\main.o --redirect
#        _Printf=_PrintfFullNoMb --redirect _Scanf=_ScanfFullNoMb -o
#        D:\WorkingZone\FGA-Traing\Buoi4\Debug\Exe\Buoi4.out --map
#        D:\WorkingZone\FGA-Traing\Buoi4\Debug\List\Buoi4.map --config
#        "C:\Program Files (x86)\IAR Systems\Embedded Workbench
#        7.3\stm8\config\lnkstm8l152c6.icf" --config_def _CSTACK_SIZE=0x100
#        --config_def _HEAP_SIZE=0x100 --entry __iar_program_start --debug_lib
#
###############################################################################

*******************************************************************************
*** RUNTIME MODEL ATTRIBUTES
***

__SystemLibrary            = DLib
__code_model               = small
__core                     = stm8
__data_model               = medium
__dlib_file_descriptor     = 0
__dlib_full_locale_support = 0
__rt_version               = 4


*******************************************************************************
*** PLACEMENT SUMMARY
***

"A1":  place at start of [0x000000-0x0000ff] { rw section .vregs };
"A2":  place at end of [0x000000-0x0007ff] { block CSTACK };
"P2":  place in [from 0x000000 to 0x0007ff] {
          block HEAP, rw section __DLIB_PERTHREAD, rw section .far.bss,
          rw section .far.data, rw section .far.noinit,
          rw section .far_func.textrw, rw section .huge.bss,
          rw section .huge.data, rw section .huge.noinit,
          rw section .huge_func.textrw, rw section .iar.dynexit,
          rw section .near.bss, rw section .near.data, rw section .near.noinit,
          rw section .near_func.textrw };
"A3":  place at start of [0x008000-0x00ffff] { block INTVEC };
"P3":  place in [from 0x008000 to 0x00ffff] {
          ro section __DLIB_PERTHREAD_init, ro section .far.data_init,
          ro section .far_func.textrw_init, ro section .huge.data_init,
          ro section .huge_func.textrw_init, ro section .iar.init_table,
          ro section .init_array, ro section .near.data_init,
          ro section .near.rodata, ro section .near_func.text,
          ro section .near_func.textrw_init, ro section .tiny.data_init,
          ro section .tiny.rodata_init };

  Section          Kind      Address   Size  Object
  -------          ----      -------   ----  ------
"A1":                                   0xc
  .vregs           uninit   0x000000    0xc  vregs.o [4]
                          - 0x00000c    0xc

"P2":                                   0x4
  .near.bss        zero     0x00000c    0x2  FGAcoursestm8_LCD.o [1]
  .near.bss        zero     0x00000e    0x2  main.o [1]
                          - 0x000010    0x4

"A2":                                 0x100
  CSTACK                    0x000700  0x100  <Block>
    CSTACK         uninit   0x000700  0x100  <Block tail>
                          - 0x000800  0x100

"A3":                                  0x80
  INTVEC                    0x008000   0x80  <Block>
    .intvec        const    0x008000   0x80  interrupt.o [4]
                          - 0x008080   0x80

"P3":                                 0x7f5
  .near_func.text  ro code  0x008080  0x3f0  FGAcoursestm8_LCD.o [1]
  .near_func.text  ro code  0x008470  0x120  main.o [1]
  .near_func.text  ro code  0x008590   0xeb  FGAcoursestm8_LCD.o [1]
  .near_func.text  ro code  0x00867b   0x7d  FGAcoursestm8_LCD.o [1]
  .near_func.text  ro code  0x0086f8   0x3f  FGAcoursestm8_LCD.o [1]
  .near_func.text  ro code  0x008737   0x39  FGAcoursestm8_LCD.o [1]
  .near.rodata     const    0x008770   0x34  FGAcoursestm8_LCD.o [1]
  .iar.init_table  const    0x0087a4    0x8  - Linker created -
  .near_func.text  ro code  0x0087ac   0x1e  init_small.o [4]
  .near_func.text  ro code  0x0087ca   0x18  vreg_util.o [4]
  .near_func.text  ro code  0x0087e2   0x17  init.o [4]
  .near.rodata     const    0x0087f9   0x14  FGAcoursestm8_LCD.o [1]
  .near_func.text  ro code  0x00880d   0x14  __dbg_xxexit.o [3]
  .near_func.text  ro code  0x008821   0x13  cstartup.o [4]
  .near_func.text  ro code  0x008834    0xd  InteruptConfig.o [1]
  .near_func.text  ro code  0x008841    0xb  FGAcoursestm8Lib.o [1]
  .near_func.text  ro code  0x00884c    0x9  InteruptConfig.o [1]
  .near_func.text  ro code  0x008855    0x8  short.o [4]
  .near_func.text  ro code  0x00885d    0x6  char.o [4]
  .near_func.text  ro code  0x008863    0x5  cexit.o [4]
  .near_func.text  ro code  0x008868    0x3  interrupt.o [4]
  .near_func.text  ro code  0x00886b    0x3  low_level_init.o [4]
  .near_func.text  ro code  0x00886e    0x3  exit.o [4]
  .near_func.text  ro code  0x008871    0x3  unhandled_exception.o [4]
  .near_func.text  ro code  0x008874    0x1  __dbg_break.o [3]
                          - 0x008875  0x7f5


*******************************************************************************
*** INIT TABLE
***

          Address   Size
          -------   ----
Zero (__iar_zero_init2)
    1 destination range, total size 0x4:
          0x00000c   0x4



*******************************************************************************
*** MODULE SUMMARY
***

    Module                 ro code  ro data  rw data
    ------                 -------  -------  -------
D:\WorkingZone\FGA-Traing\Buoi4\Debug\Obj: [1]
    FGAcoursestm8Lib.o          11
    FGAcoursestm8_LCD.o      1 488       72        2
    InteruptConfig.o            22
    main.o                     288                 2
    ------------------------------------------------
    Total:                   1 809       72        4

command line: [2]
    ------------------------------------------------
    Total:

dbgstm8smd.a: [3]
    __dbg_break.o                1
    __dbg_xxexit.o              20
    ------------------------------------------------
    Total:                      21

dlstm8smn.a: [4]
    cexit.o                      5
    char.o                       6
    cstartup.o                  19
    exit.o                       3
    init.o                      23
    init_small.o                30
    interrupt.o                  3      128
    low_level_init.o             3
    short.o                      8
    unhandled_exception.o        3
    vreg_util.o                 24
    vregs.o                                       12
    ------------------------------------------------
    Total:                     127      128       12

    Linker created                        8      256
----------------------------------------------------
    Grand Total:             1 957      208      272


*******************************************************************************
*** ENTRY LIST
***

Entry                    Address   Size  Type      Object
-----                    -------   ----  ----      ------
.iar.init_table$$Base   0x0087a4          --   Gb  - Linker created -
.iar.init_table$$Limit  0x0087ac          --   Gb  - Linker created -
?b0                     0x000000         Data  Gb  vregs.o [4]
?b1                     0x000001         Data  Gb  vregs.o [4]
?b10                    0x00000a         Data  Gb  vregs.o [4]
?b11                    0x00000b         Data  Gb  vregs.o [4]
?b2                     0x000002         Data  Gb  vregs.o [4]
?b3                     0x000003         Data  Gb  vregs.o [4]
?b4                     0x000004         Data  Gb  vregs.o [4]
?b5                     0x000005         Data  Gb  vregs.o [4]
?b6                     0x000006         Data  Gb  vregs.o [4]
?b7                     0x000007         Data  Gb  vregs.o [4]
?b8                     0x000008         Data  Gb  vregs.o [4]
?b9                     0x000009         Data  Gb  vregs.o [4]
?e0                     0x000001         Data  Gb  vregs.o [4]
?e1                     0x000005         Data  Gb  vregs.o [4]
?e2                     0x000009         Data  Gb  vregs.o [4]
?l0                     0x000000         Data  Gb  vregs.o [4]
?l1                     0x000004         Data  Gb  vregs.o [4]
?l2                     0x000008         Data  Gb  vregs.o [4]
?push_w4                0x0087ca         Code  Gb  vreg_util.o [4]
?sll8_a_a_5             0x00885e         Code  Gb  char.o [4]
?sll8_a_a_6             0x00885d         Code  Gb  char.o [4]
?srl16_x_x_a            0x008855         Code  Gb  short.o [4]
?w0                     0x000000         Data  Gb  vregs.o [4]
?w1                     0x000002         Data  Gb  vregs.o [4]
?w2                     0x000004         Data  Gb  vregs.o [4]
?w3                     0x000006         Data  Gb  vregs.o [4]
?w4                     0x000008         Data  Gb  vregs.o [4]
?w5                     0x00000a         Data  Gb  vregs.o [4]
ButtonInterupt          0x00884c    0x9  Code  Gb  InteruptConfig.o [1]
CSTACK$$Base            0x000700          --   Gb  - Linker created -
CSTACK$$Limit           0x000800          --   Gb  - Linker created -
CapLetterMap            0x008770   0x34  Data  Lc  FGAcoursestm8_LCD.o [1]
INTVEC$$Base            0x008000          --   Gb  - Linker created -
INTVEC$$Limit           0x008080          --   Gb  - Linker created -
LCD_Conv_Char_Seg       0x008590   0xeb  Code  Gb  FGAcoursestm8_LCD.o [1]
LCD_GLASS_Clear         0x008737   0x39  Code  Gb  FGAcoursestm8_LCD.o [1]
LCD_GLASS_Init          0x00867b   0x7d  Code  Gb  FGAcoursestm8_LCD.o [1]
LCD_GLASS_WriteChar     0x008080  0x3f0  Code  Gb  FGAcoursestm8_LCD.o [1]
LCD_bar                 0x0086f8   0x3f  Code  Gb  FGAcoursestm8_LCD.o [1]
NumberMap               0x0087f9   0x14  Data  Lc  FGAcoursestm8_LCD.o [1]
Region$$Table$$Base     0x0087a4          --   Gb  - Linker created -
Region$$Table$$Limit    0x0087ac          --   Gb  - Linker created -
Timer1Interupt          0x008834    0xd  Code  Gb  InteruptConfig.o [1]
__DebugBreak            0x008874    0x1  Code  Gb  __dbg_break.o [3]
__exit                  0x00880d   0x14  Code  Gb  __dbg_xxexit.o [3]
__iar_data_init2        0x0087e2   0x17  Code  Gb  init.o [4]
__iar_program_start     0x008821         Code  Gb  cstartup.o [4]
__iar_unhandled_exception
                        0x008871         Code  Gb  unhandled_exception.o [4]
__iar_zero_init2        0x0087ac         Code  Gb  init_small.o [4]
__intvec                0x008000         Data  Gb  interrupt.o [4]
__low_level_init        0x00886b    0x3  Code  Gb  low_level_init.o [4]
_exit                   0x008863         Code  Gb  cexit.o [4]
_interrupt_11           0x00884c         Code  Gb  InteruptConfig.o [1]
_interrupt_25           0x008834         Code  Gb  InteruptConfig.o [1]
delay                   0x008841    0xb  Code  Gb  FGAcoursestm8Lib.o [1]
exit                    0x00886e    0x3  Code  Gb  exit.o [4]
main                    0x008470  0x120  Code  Gb  main.o [1]
t_bar                   0x00000c    0x2  Data  Lc  FGAcoursestm8_LCD.o [1]
t_bar                   0x00000e    0x2  Data  Lc  main.o [1]


[1] = D:\WorkingZone\FGA-Traing\Buoi4\Debug\Obj
[2] = command line
[3] = dbgstm8smd.a
[4] = dlstm8smn.a

  1 957 bytes of readonly  code memory
    208 bytes of readonly  data memory
    272 bytes of readwrite data memory

Errors: none
Warnings: none
